// Jest Snapshot v1, https://goo.gl/fbAQLP

exports[`rendering of the J40Alert tests the rendering of J40Alert 1`] = `
<DocumentFragment>
  <div>
    Limited data sources â€” Datasets may be added, updated, or removed.
  </div>
</DocumentFragment>
`;
