// Jest Snapshot v1, https://goo.gl/fbAQLP

exports[`rendering of the BetaBanner checks if component renders 1`] = `
<DocumentFragment>
  <div>
    <div>
      <strong>
        This tool has been updated.
      </strong>
       The 1.0 version of the tool was released on Nov 22, 2022.
    </div>
  </div>
</DocumentFragment>
`;
