// Jest Snapshot v1, https://goo.gl/fbAQLP

exports[`rendering of the Language component on desktop checks if component renders 1`] = `<DocumentFragment />`;

exports[`rendering of the Language component on mobile checks if component renders 1`] = `
<DocumentFragment>
  <div>
    <img
      alt="language icon for selecting language"
      src="test-file-stub"
    />
    <a
      class="usa-link"
      href="#"
    >
      English
    </a>
    <a
      class="usa-link"
      href="#"
    >
      Espa√±ol
    </a>
  </div>
</DocumentFragment>
`;
