// Jest Snapshot v1, https://goo.gl/fbAQLP

exports[`rendering of the AreaDetail checks if various text fields are visible 1`] = `
<DocumentFragment>
  <aside
    data-cy="aside"
  >
    <ul>
      <li>
        <span>
          Census block group:
        </span>
        <span>
           98729374234
        </span>
      </li>
      <li>
        <span>
          County:
        </span>
        <span>
           N/A
        </span>
      </li>
      <li>
        <span>
          State: 
        </span>
        <span>
           N/A
        </span>
      </li>
      <li>
        <span>
          Population:
        </span>
        <span>
           3,435,435
        </span>
      </li>
    </ul>
    <div>
      <div>
        <div />
        <h3>
          Community of focus
        </h3>
      </div>
      <p
        class="secondary"
      >
        version 0.1
      </p>
    </div>
    <div>
      <h6>
        Indicator
      </h6>
      <h6>
        Percentile (0-100)
      </h6>
    </div>
    <li
      data-cy="indicatorBox"
    >
      <div>
        <h4>
          Area Median Income
        </h4>
        <div>
          19
          <sup>
            <span>
              th
            </span>
          </sup>
        </div>
      </div>
      <p
        class="secondary j40-indicator"
      >
        Median income of the census block group calculated as a percent of the metropolitan area’s or state's median income
      </p>
    </li>
    <li
      data-cy="indicatorBox"
    >
      <div>
        <h4>
          Education, less than high school
        </h4>
        <div>
          98
          <sup>
            <span>
              th
            </span>
          </sup>
        </div>
      </div>
      <p
        class="secondary j40-indicator"
      >
        Percent of people age 25 or older that didn’t get a high school diploma
      </p>
    </li>
    <li
      data-cy="indicatorBox"
    >
      <div>
        <h4>
          Poverty
        </h4>
        <div>
          12
          <sup>
            <span>
              th
            </span>
          </sup>
        </div>
      </div>
      <p
        class="secondary j40-indicator"
      >
        Percent of a block group's population in households where the household income is at or below 100% of the federal poverty level
      </p>
    </li>
    <li
      data-cy="indicatorBox"
    >
      <div>
        <h4>
          Asthma
        </h4>
        <div>
          N/A
          <sup>
            <span />
          </sup>
        </div>
      </div>
      <p
        class="secondary j40-indicator"
      >
        People who answer “yes” to both of the questions: “Have you ever been told by a doctor nurse, or other health professional that you have asthma?” and “Do you still have asthma?"
      </p>
    </li>
    <li
      data-cy="indicatorBox"
    >
      <div>
        <h4>
          Diabetes
        </h4>
        <div>
          N/A
          <sup>
            <span />
          </sup>
        </div>
      </div>
      <p
        class="secondary j40-indicator"
      >
        People ages 18 and up who report having been told by a doctor, nurse, or other health professionals that they have diabetes other than diabetes during pregnancy
      </p>
    </li>
    <li
      data-cy="indicatorBox"
    >
      <div>
        <h4>
          Diesel particulate matter
        </h4>
        <div>
          N/A
          <sup>
            <span />
          </sup>
        </div>
      </div>
      <p
        class="secondary j40-indicator"
      >
        Mixture of particles that is part of diesel exhaust in the air
      </p>
    </li>
    <li
      data-cy="indicatorBox"
    >
      <div>
        <h4>
          Energy burden
        </h4>
        <div>
          N/A
          <sup>
            <span />
          </sup>
        </div>
      </div>
      <p
        class="secondary j40-indicator"
      >
        Average annual energy cost ($) divided by household income
      </p>
    </li>
    <li
      data-cy="indicatorBox"
    >
      <div>
        <h4>
          FEMA Risk Index
        </h4>
        <div>
          N/A
          <sup>
            <span />
          </sup>
        </div>
      </div>
      <p
        class="secondary j40-indicator"
      >
        Expected Annual Loss Score, which is the average economic loss in dollars resulting from natural hazards each year.
      </p>
    </li>
    <li
      data-cy="indicatorBox"
    >
      <div>
        <h4>
          Heart disease
        </h4>
        <div>
          N/A
          <sup>
            <span />
          </sup>
        </div>
      </div>
      <p
        class="secondary j40-indicator"
      >
        People ages 18 and up who report ever having been told by a doctor, nurse, or other health professionals that they had angina or coronary heart disease
      </p>
    </li>
    <li
      data-cy="indicatorBox"
    >
      <div>
        <h4>
          Housing cost burden
        </h4>
        <div>
          95
          <sup>
            <span>
              th
            </span>
          </sup>
        </div>
      </div>
      <p
        class="secondary j40-indicator"
      >
        Households that are low income and spend more than 30% of their income on housing costs
      </p>
    </li>
    <li
      data-cy="indicatorBox"
    >
      <div>
        <h4>
          Lead paint
        </h4>
        <div>
          N/A
          <sup>
            <span />
          </sup>
        </div>
      </div>
      <p
        class="secondary j40-indicator"
      >
        Housing units built pre-1960, used as an indicator of potential lead paint exposure in homes
      </p>
    </li>
    <li
      data-cy="indicatorBox"
    >
      <div>
        <h4>
          Life expectancy
        </h4>
        <div>
          N/A
          <sup>
            <span />
          </sup>
        </div>
      </div>
      <p
        class="secondary j40-indicator"
      >
        Estimated years of life expectancy
      </p>
    </li>
    <li
      data-cy="indicatorBox"
    >
      <div>
        <h4>
          PM2.5
        </h4>
        <div>
          N/A
          <sup>
            <span />
          </sup>
        </div>
      </div>
      <p
        class="secondary j40-indicator"
      >
        Fine inhalable particles, with diameters that are generally 2.5 micrometers and smaller
      </p>
    </li>
    <li
      data-cy="indicatorBox"
    >
      <div>
        <h4>
          Traffic proximity and volume
        </h4>
        <div>
          N/A
          <sup>
            <span />
          </sup>
        </div>
      </div>
      <p
        class="secondary j40-indicator"
      >
        Count of vehicles (average annual daily traffic) at major roads within 500 meters, divided by distance in meters
      </p>
    </li>
    <li
      data-cy="indicatorBox"
    >
      <div>
        <h4>
          Wastewater discharge
        </h4>
        <div>
          N/A
          <sup>
            <span />
          </sup>
        </div>
      </div>
      <p
        class="secondary j40-indicator"
      >
        Toxic concentrations at stream segments within 500 meters divided by distance in kilometers
      </p>
    </li>
  </aside>
</DocumentFragment>
`;
