// Jest Snapshot v1, https://goo.gl/fbAQLP

exports[`rendering of the CategoryCard checks if component renders 1`] = `
<DocumentFragment>
  <div>
    <h3>
      Climate change
    </h3>
    <p>
      
      Communities are 
      <strong>
        identified as disadvantaged
      </strong>
       if they are in census tracts that:
    
    </p>
    <p>
      <strong>
        ARE
      </strong>
       at or above the 90th percentile for 
      <a
        class="usa-link"
        href="#exp-agr-loss-rate"
      >
        expected agriculture loss rate
      </a>
       OR 
      <a
        class="usa-link"
        href="#exp-bld-loss-rate"
      >
        expected building loss rate
      </a>
       OR 
      <a
        class="usa-link"
        href="#exp-pop-loss-rate"
      >
        expected population loss rate
      </a>
        OR 
      <a
        class="usa-link"
        href="#flood-risk"
      >
        projected flood risk
      </a>
       OR 
      <a
        class="usa-link"
        href="#wildfire-risk"
      >
        projected wildfire risk
      </a>
    </p>
    <p>
      
      
      <strong>
        AND
      </strong>
       are at or above the 65th percentile for 
      <a
        class="usa-link"
        href="#low-income"
      >
        low income
      </a>
      
    
    </p>
  </div>
</DocumentFragment>
`;
