// Jest Snapshot v1, https://goo.gl/fbAQLP

exports[`rendering of the MapSearchMessage when search results are empty checks if component renders 1`] = `
<DocumentFragment>
  <div>
    Location not found or unknown. Please try a different search.
  </div>
</DocumentFragment>
`;

exports[`rendering of the MapSearchMessage when search results are not empty checks if component renders 1`] = `<DocumentFragment />`;
