// Jest Snapshot v1, https://goo.gl/fbAQLP

exports[`rendering of the MethodologyFormula checks if component renders 1`] = `
<DocumentFragment>
  <section>
    <p>
      
      Under the current formula, a census tract will be identified as disadvantaged in one or more 
      categories of criteria: 
    
    </p>
    <p>
      
      
      <strong>
        IF
      </strong>
       the census tract is above the threshold for one or more environmental or climate indicators
      
    </p>
    <p />
  </section>
</DocumentFragment>
`;
