// Jest Snapshot v1, https://goo.gl/fbAQLP

exports[`rendering of the DisadvantageDot disadvantaged checks if component renders 1`] = `
<DocumentFragment>
  <div />
</DocumentFragment>
`;
