// Jest Snapshot v1, https://goo.gl/fbAQLP

exports[`rendering of the PublicEngageButton checks if component renders 1`] = `
<DocumentFragment>
  <div>
    <a
      href="/en/public-engagement"
    >
      <button
        class="usa-button"
        data-testid="button"
        type="button"
      >
        <div>
          <img
            alt="an icon that represents a calendar"
            src="test-file-stub"
          />
          <div>
            Public engagement
          </div>
        </div>
      </button>
    </a>
  </div>
</DocumentFragment>
`;
