// Jest Snapshot v1, https://goo.gl/fbAQLP

exports[`J40Footer renders correctly 1`] = `
<DocumentFragment>
  <footer
    class="j40-footer"
  >
    <div
      class="usa-footer__primary-section pb2"
      data-cy="footer-primary-block"
    >
      <div
        class="grid-container-desktop-lg"
        data-testid="gridContainer"
      >
        <div
          class="grid-row tablet-lg:grid-col4"
        >
          <div
            class="mobile-lg:grid-col-12 desktop:grid-col-4"
          >
            <section>
              <div
                class="j40-h4"
              >
                Contact
              </div>
              <ul
                class="usa-list usa-list--unstyled"
              >
                <li
                  class="usa-footer__secondary-link"
                >
                  <address
                    class="usa-footer__address j40-footer-address"
                  >
                    <div
                      class="usa-footer__contact-info grid-row grid-gap"
                    >
                      <div
                        class="grid-col-auto"
                      >
                        Council on Environmental Quality
                      </div>
                      <div
                        class="grid-col-auto"
                      >
                        730 Jackson Pl NW
                      </div>
                      <div
                        class="grid-col-auto"
                      >
                        Washington, D.C. 20506
                      </div>
                      <div
                        class="grid-col-auto"
                      >
                        (202) 395-5750
                      </div>
                    </div>
                  </address>
                </li>
                <li
                  class="usa-footer__secondary-link"
                >
                  <a
                    class="usa-link usa-link--external"
                    data-cy="sign-up-for-updates"
                    href="https://lp.constantcontactpages.com/su/Vm8pCFj/spring"
                    rel="noreferrer"
                    target="_blank"
                  >
                    Sign up for updates
                  </a>
                </li>
              </ul>
            </section>
          </div>
          <div
            class="mobile-lg:grid-col-12 desktop:grid-col-4"
          >
            <section>
              <div
                class="j40-h4"
              >
                More information
              </div>
              <ul
                class="usa-list usa-list--unstyled"
              >
                <li
                  class="usa-footer__secondary-link"
                >
                  <a
                    class="usa-link usa-link--external footer-link-first-child"
                    data-cy="whitehouse-gov"
                    href="https://www.whitehouse.gov/"
                    rel="noreferrer"
                    target="_blank"
                  >
                    Whitehouse.gov
                  </a>
                </li>
                <li
                  class="usa-footer__secondary-link"
                >
                  <a
                    class="usa-link usa-link--external"
                    data-cy="freedom-of-information-act-(foia)"
                    href="https://www.whitehouse.gov/ceq/foia"
                    rel="noreferrer"
                    target="_blank"
                  >
                    Freedom of Information Act (FOIA)
                  </a>
                </li>
                <li
                  class="usa-footer__secondary-link"
                >
                  <a
                    class="usa-link usa-link--external"
                    data-cy="privacy-policy"
                    href="https://www.whitehouse.gov/privacy/"
                    rel="noreferrer"
                    target="_blank"
                  >
                    Privacy Policy
                  </a>
                </li>
                <li
                  class="usa-footer__secondary-link"
                >
                  <a
                    class="usa-link usa-link--external"
                    data-cy="find-a-contact-at-usa-gov"
                    href="https://www.usa.gov/"
                    rel="noreferrer"
                    target="_blank"
                  >
                    Find a contact at USA.gov
                  </a>
                </li>
              </ul>
            </section>
          </div>
          <div
            class="mobile-lg:grid-col-12 desktop:grid-col-4"
          >
            <section>
              <div
                class="j40-h4"
              >
                Want to contribute?
              </div>
              <ul
                class="usa-list usa-list--unstyled"
              >
                <li
                  class="usa-footer__secondary-link"
                >
                  <a
                    class="usa-link usa-link--external footer-link-first-child"
                    data-cy="check-out-the-code-on-github"
                    href="https://github.com/usds/justice40-tool"
                    rel="noreferrer"
                    target="_blank"
                  >
                    Check out the code on GitHub
                  </a>
                </li>
              </ul>
            </section>
          </div>
        </div>
      </div>
    </div>
    <div
      class="usa-footer__secondary-section"
    >
      <div
        class="grid-container-desktop-lg"
        data-testid="gridContainer"
      >
        <div
          class="usa-footer__logo grid-row mobile-lg:grid-col-6 mobile-lg:grid-gap-2"
          data-testid="footerLogo"
        >
          <div
            class="mobile-lg:grid-col-auto"
          >
            <img
              alt="Whitehouse logo"
              class="usa-footer__logo-img"
              src="test-file-stub"
            />
          </div>
          <div
            class="mobile-lg:grid-col-auto"
          >
            <div
              class="j40-footer-ceq-font"
            >
              Council on Environmental Quality
            </div>
          </div>
        </div>
      </div>
    </div>
    <div
      class="grid-container-desktop-lg"
      data-testid="gridContainer"
    >
      <a
        href="https://www.surveymonkey.com/r/P3LWTSB"
        rel="noreferrer"
        target="_blank"
      >
        <button
          class="usa-button"
          data-testid="button"
          type="button"
        >
          Help improve the tool
          <img
            alt="launch icon"
            src="test-file-stub"
          />
        </button>
      </a>
    </div>
  </footer>
</DocumentFragment>
`;
